To honour the JVM settings for this build a single-use Daemon process will be forked. For more on this, please refer to https://docs.gradle.org/8.11/userguide/gradle_daemon.html#sec:disabling_the_daemon in the Gradle documentation.
Daemon will be stopped at the end of the build 
[Incubating] Problems report is available at: file:///C:/Users/nchen2/Desktop/Robotics/Code/FRC-Everybot-2026-Code-main%20-%20Working-Mod/FRC-Everybot-2026-Code-main/build/reports/problems/problems-report.html

Deprecated Gradle features were used in this build, making it incompatible with Gradle 9.0.

.\gradlew.bat : 
At line:1 char:1
+ .\gradlew.bat compileJava 
--no-daemon > 
build_output.txt 2>&1
+ ~~~~~~~~~~~~~~~~~~~~~~~~~~~
~~~~~~~~~~~~~~~~~~~~~~~~~~~~~
~~~~~
    + CategoryInfo           
   : NotSpecified: (:String  
  ) [], RemoteException
    + FullyQualifiedErrorId  
   : NativeCommandError
 
FAILURE: Build failed with 
an exception.

* What went wrong:
A problem occurred 
configuring root project 'FRC
-Everybot-2026-Code-main'.
> Could not resolve all 
artifacts for configuration 
'classpath'.
   > Could not resolve edu.wp
i.first:GradleRIO:2026.2.1.
     Required by:
         root project : > edu
.wpi.first.GradleRIO:edu.wpi.
first.GradleRIO.gradle.plugin
:2026.2.1
      > Dependency requires 
at least JVM runtime version 
17. This build uses a Java 8 
JVM.

* Try:
> Run this build using a 
Java 17 or newer JVM.
> Run with --stacktrace 
option to get the stack 
trace.
> Run with --info or --debug 
option to get more log 
output.
> Run with --scan to get 
full insights.
> Get more help at 
https://help.gradle.org.
You can use '--warning-mode all' to show the individual deprecation warnings and determine if they come from your own scripts or plugins.

For more on this, please refer to https://docs.gradle.org/8.11/userguide/command_line_interface.html#sec:command_line_warnings in the Gradle documentation.

BUILD FAILED in 21s
